<!-- toc  -->
- __[Header 1](#header-1)__
   - __[Header 2](#header-2)__
   - __[Header 2](#header-2-1)__
      - __[Header 3](#header-3)__
   - __[Header 2](#header-2-2)__
<!-- /toc -->

# Header 1

## Header 2
## Header 2



### Header 3

## Header 2
