<!-- toc  -->
- [Header 1](#header-1)
   - [Header 2](#header-2)
   - [Header 2](#header-2-1)
      - [Header 3](#header-3)
   - [Header 2](#header-2-2)
<!-- /toc -->

# Header 1

## Header 2
## Header 2



### Header 3

## Header 2
